[visithumboldt.com/index.html]
[use.typekit.net/ait0uim.css]
[backblue.gif]
[fade.gif]
[index.html]
[visithumboldt.com/wp-includes/css/dist/block-library/style.min9dff.css]
[visithumboldt.com/wp-content/themes/visit-humboldt-theme/vendor/select2/dist/css/select2.mind5f7.css]
[visithumboldt.com/wp-content/themes/visit-humboldt-theme/assets/css/style.min128b.css]
[visithumboldt.com/wp-content/plugins/favorites/assets/css/favorites254d.css]
[visithumboldt.com/wp-includes/js/jquery/jquery4a5f.js]
[visithumboldt.com/wp-includes/js/jquery/jquery-migrate.min330a.js]
[visithumboldt.com/wp-content/plugins/favorites/assets/js/favorites.min254d.js]
[visithumboldt.com/wp-includes/wlwmanifest.xml]
[visithumboldt.com/wp-json/index.html]
[visithumboldt.com/wp-json/oembed/1.0/embed13a7.json]
[visithumboldt.com/wp-json/oembed/1.0/embed039f]
[visithumboldt.com/../logo.jpeg]
[visithumboldt.com/wp-content/uploads/2021/08/hero.update2.jpg]
[visithumboldt.com/wp-content/themes/visit-humboldt-theme/assets/images/activities-icon-dark.svg]
[visithumboldt.com/wp-content/uploads/2019/01/6288975a-67eb-4a50-94db-eee1dfc51082_jp-400x400.jpg]
[visithumboldt.com/wp-content/uploads/2019/01/beaches@2x-400x400.jpg]
[visithumboldt.com/my-suitcase/index.html]
[visithumboldt.com/wp-content/uploads/2019/01/hiking@2x-400x400.jpg]
[visithumboldt.com/places-to-stay/index.html]
[visithumboldt.com/wp-content/uploads/2019/01/water@2x-400x400.jpg]
[visithumboldt.com/things-to-do/index.html]
[visithumboldt.com/wp-content/uploads/2019/01/Mask-Group-4@2x-400x400.jpg]
[visithumboldt.com/location/eureka/index.html]
[visithumboldt.com/wp-content/uploads/2019/01/towns@2x-400x400.jpg]
[visithumboldt.com/wp-content/uploads/2019/01/history@2x-400x400.jpg]
[visithumboldt.com/wp-content/uploads/2019/01/tours@2x-400x400.jpg]
[visithumboldt.com/wp-content/themes/visit-humboldt-theme/assets/images/lodging-icon-dark.svg]
[visithumboldt.com/wp-content/themes/visit-humboldt-theme/assets/images/county-icon-dark.svg]
[visithumboldt.com/location/trinidad/index.html]
[visithumboldt.com/wp-content/uploads/2018/11/iStock-527696105-400x400.jpg]
[visithumboldt.com/wp-content/uploads/2019/01/Arcatasml-400x400.jpg]
[visithumboldt.com/wp-content/uploads/2019/01/fortuna-real-estate-clock@2x-400x400.jpg]
[visithumboldt.com/wp-content/uploads/2019/01/ferndale-hero@2x-400x400.jpg]
[visithumboldt.com/location/arcata/index.html]
[visithumboldt.com/wp-content/uploads/2019/01/090501-0990-TrinidadSurf@2x-400x400.jpg]
[visithumboldt.com/wp-content/uploads/2019/01/cfiles35731@2x-400x400.jpg]
[visithumboldt.com/wp-content/uploads/2019/01/DSC_8790-L@2x-400x400.jpg]
[visithumboldt.com/wp-content/uploads/2019/01/88500562@2x-400x400.jpg]
[visithumboldt.com/location/county-east/index.html]
[visithumboldt.com/wp-content/uploads/2019/02/footer-logo@2x.png]
[visithumboldt.com/wp-content/plugins/gravityforms/images/spinner.gif]
[visithumboldt.com/wp-content/plugins/gravityforms/css/formreset.min8674.css]
[visithumboldt.com/location/fortuna/index.html]
[visithumboldt.com/wp-content/plugins/gravityforms/css/formsmain.min8674.css]
[visithumboldt.com/wp-content/plugins/gravityforms/css/readyclass.min8674.css]
[visithumboldt.com/location/county-north/index.html]
[visithumboldt.com/wp-content/plugins/gravityforms/css/browsers.min8674.css]
[visithumboldt.com/wp-content/themes/visit-humboldt-theme/assets/js/dist/scripts.min6aec.js]
[visithumboldt.com/wp-content/themes/visit-humboldt-theme/assets/js/dist/emaild5f7.js]
[visithumboldt.com/wp-includes/js/wp-embed.min9dff.js]
[visithumboldt.com/location/ferndale/index.html]
[visithumboldt.com/wp-content/plugins/gravityforms/js/jquery.json.min8674.js]
[visithumboldt.com/index.html]
[visithumboldt.com/wp-content/plugins/gravityforms/js/gravityforms.min8674.js]
[www.googletagmanager.com/gtmc378.html]
[visithumboldt.com/location/southern-humboldt/index.html]
[use.typekit.net/af/1da05b/0000000000000000000132df/27/lbc0f]
[use.typekit.net/af/1da05b/0000000000000000000132df/27/dbc0f]
[use.typekit.net/af/1da05b/0000000000000000000132df/27/abc0f]
[use.typekit.net/af/031bc7/0000000000000000000132e5/27/l62fb]
[use.typekit.net/af/031bc7/0000000000000000000132e5/27/d62fb]
[use.typekit.net/af/031bc7/0000000000000000000132e5/27/a62fb]
[use.typekit.net/af/a1ace0/00000000000000003b9b2100/27/l1eed]
[use.typekit.net/af/a1ace0/00000000000000003b9b2100/27/d1eed]
[use.typekit.net/af/a1ace0/00000000000000003b9b2100/27/a1eed]
[use.typekit.net/af/44d9b6/00000000000000003b9b2101/27/lbd66]
[use.typekit.net/af/44d9b6/00000000000000003b9b2101/27/dbd66]
[use.typekit.net/af/44d9b6/00000000000000003b9b2101/27/abd66]
[use.typekit.net/af/be447a/00000000000000003b9b2104/27/l2b4f]
[use.typekit.net/af/be447a/00000000000000003b9b2104/27/d2b4f]
[use.typekit.net/af/be447a/00000000000000003b9b2104/27/a2b4f]
[use.typekit.net/af/0f438f/00000000000000003b9b2107/27/lbc0f]
[use.typekit.net/af/0f438f/00000000000000003b9b2107/27/dbc0f]
[use.typekit.net/af/0f438f/00000000000000003b9b2107/27/abc0f]
[use.typekit.net/af/49496c/00000000000000003b9b210b/27/l1eed]
[use.typekit.net/af/49496c/00000000000000003b9b210b/27/d1eed]
[use.typekit.net/af/49496c/00000000000000003b9b210b/27/a1eed]
[use.typekit.net/af/9f0057/00000000000000003b9b210d/27/lbc0f]
[use.typekit.net/af/9f0057/00000000000000003b9b210d/27/dbc0f]
[use.typekit.net/ait0uim.css]
[visithumboldt.com/wp-includes/css/dist/block-library/style.min9dff.css]
[visithumboldt.com/wp-content/themes/visit-humboldt-theme/vendor/select2/dist/css/select2.mind5f7.css]
[use.typekit.net/af/9f0057/00000000000000003b9b210d/27/abc0f]
[visithumboldt.com/wp-content/themes/visit-humboldt-theme/assets/images/nav/lodging-nav-icon.png]
[visithumboldt.com/wp-content/themes/visit-humboldt-theme/assets/images/nav/activites-nav-icon.png]
[visithumboldt.com/wp-content/themes/visit-humboldt-theme/assets/images/nav/county-nav-icon.png]
[visithumboldt.com/wp-content/themes/visit-humboldt-theme/assets/images/nav/suitcase-nav-icon.png]
[visithumboldt.com/wp-content/themes/visit-humboldt-theme/assets/images/footer/footer-bg.jpg]
[visithumboldt.com/wp-content/themes/visit-humboldt-theme/assets/images/internal-header-bg.jpg]
[visithumboldt.com/wp-content/themes/visit-humboldt-theme/assets/images/homepage/intro-bg.jpg]
[visithumboldt.com/wp-content/themes/visit-humboldt-theme/assets/images/homepage/intro-content-bg.min.svg]
[visithumboldt.com/wp-content/themes/visit-humboldt-theme/assets/images/view-more-activities-bg.svg]
[visithumboldt.com/wp-content/themes/visit-humboldt-theme/assets/images/suitcase-bg.svg]
[visithumboldt.com/wp-content/themes/visit-humboldt-theme/assets/images/down-arrow.png]
[visithumboldt.com/wp-content/themes/visit-humboldt-theme/assets/images/homepage/grey-trees.svg]
[visithumboldt.com/wp-content/themes/visit-humboldt-theme/assets/images/homepage/intro-bg-trees_large.svg]
[visithumboldt.com/wp-content/themes/visit-humboldt-theme/assets/images/homepage/lodging-callout-bg.jpg]
[visithumboldt.com/wp-content/themes/visit-humboldt-theme/assets/images/404-bg.svg]
[visithumboldt.com/wp-content/themes/visit-humboldt-theme/assets/css/style.min128b.css]
[visithumboldt.com/wp-content/plugins/favorites/assets/css/fonts/favorites.eot]
[visithumboldt.com/wp-content/plugins/favorites/assets/css/favorites254d.css]
[visithumboldt.com/wp-includes/js/jquery/jquery4a5f.js]
[visithumboldt.com/wp-includes/js/jquery/jquery-migrate.min330a.js]
[visithumboldt.com/wp-content/plugins/favorites/assets/js/favorites.min254d.js]
[visithumboldt.com/wp-json/oembed/1.0/embeda725.json]
[visithumboldt.com/wp-json/oembed/1.0/embedbbae]
[visithumboldt.com/wp-content/uploads/2021/02/suitcase-header2.jpg]
[visithumboldt.com/wp-content/themes/visit-humboldt-theme/assets/images/suitcase-icon-white.svg]
[visithumboldt.com/wp-content/themes/visit-humboldt-theme/assets/js/dist/remove-item-ajax53cf.js]
[visithumboldt.com/wp-content/themes/visit-humboldt-theme/assets/js/dist/suitcase53cf.js]
[visithumboldt.com/my-suitcase/index.html]
[visithumboldt.com/wp-content/uploads/2021/05/internal-header-bg2.jpg]
[visithumboldt.com/wp-content/themes/visit-humboldt-theme/assets/images/activities-icon-light.svg]
[visithumboldt.com/things-to-do/feed/index.html]
[visithumboldt.com/wp-content/uploads/2022/06/762A7122.300b-745x340.jpg]
[visithumboldt.com/wp-content/themes/visit-humboldt-theme/assets/images/popup/food-icon.svg]
[visithumboldt.com/wp-content/themes/visit-humboldt-theme/assets/images/popup/restrooms-icon.svg]
[visithumboldt.com/wp-content/themes/visit-humboldt-theme/assets/images/popup/time-icon.svg]
[visithumboldt.com/wp-content/themes/visit-humboldt-theme/assets/images/popup/weather-icon.svg]
[visithumboldt.com/wp-content/uploads/2019/01/DSC00209-745x340.jpg]
[visithumboldt.com/wp-content/uploads/2019/02/Ferndale-Museum-Victorian-Village-of-Ferndale-California-745x340.jpg]
[visithumboldt.com/wp-content/uploads/2019/01/1966062_252179994962103_80911703_o-745x340.jpg]
[visithumboldt.com/wp-content/uploads/2019/01/Eureka-Zoo-745x340.jpg]
[visithumboldt.com/wp-content/uploads/2019/01/Morris2-745x340.png]
[visithumboldt.com/wp-content/uploads/2019/01/Old-Town-Eureka-3-745x340.jpg]
[visithumboldt.com/wp-content/uploads/2019/01/Todoroff1_10094_HumboldtBayBackLightWaves-745x340.jpg]
[visithumboldt.com/wp-content/uploads/2019/01/DSC_0592-745x340.jpg]
[visithumboldt.com/wp-content/uploads/2019/01/31_MarshEgret_86a7ebf9-926e-4097-83b4-604cc6f73a7e-745x340.jpg]
[visithumboldt.com/wp-content/uploads/2019/01/HCNC-Sunset-745x340.jpg]
[visithumboldt.com/wp-content/uploads/2019/01/Shrine-Drive-through-745x340.jpg]
[visithumboldt.com/wp-content/uploads/2019/01/Ladybird-745x340.png]
[visithumboldt.com/wp-content/uploads/2019/01/Redwoods-National-park-745x340.jpg]
[visithumboldt.com/wp-content/uploads/2019/01/Richardson-Grove-_1.7.1-745x340.jpg]
[visithumboldt.com/wp-content/uploads/2019/01/Founders-Grove-745x340.png]
[visithumboldt.com/wp-content/uploads/2019/01/Todoroff1_10030_Rockefeller-Forest-Redwoods-sm-745x340.jpg]
[visithumboldt.com/wp-content/uploads/2019/01/Grizzly1-745x340.jpg]
[visithumboldt.com/wp-content/uploads/2019/01/Prairie-Creek_1.4.1-745x340.jpg]
[visithumboldt.com/wp-content/uploads/2019/01/18_PinkRodies_b5c197f0-fb05-46b3-b5ea-33c49b3f05dc-745x340.jpg]
[visithumboldt.com/wp-content/uploads/2019/01/01_JamesIrvineTrail_2862f6d9-027a-42c2-913a-76b29416ff68-745x340.jpg]
[visithumboldt.com/wp-content/uploads/2019/01/Hiking-Russ-Park-Trails-Historic-Ferndale-CA-Spring-Banner-Image-745x340.jpg]
[visithumboldt.com/wp-content/uploads/2019/01/BullCreek1-745x340.jpg]
[visithumboldt.com/wp-content/uploads/2019/01/Founders-Grove-Loop-745x340.png]
[visithumboldt.com/wp-content/uploads/2019/01/Rockefeller-Loop-745x340.png]
[visithumboldt.com/wp-content/uploads/2019/01/21_FernCanyon_289cb607-1cca-43ad-86d4-2087f0974e40-745x340.jpg]
[visithumboldt.com/wp-content/uploads/2019/01/iStock-510066793-745x340.jpg]
[visithumboldt.com/wp-content/uploads/2019/01/Patricks-Point-2-745x340.jpg]
[visithumboldt.com/wp-content/uploads/2019/01/Screen-Shot-2019-01-30-at-10.54.50-AM-745x340.png]
[visithumboldt.com/wp-content/uploads/2019/01/Todoroff_HLA_0166__MG_8322-745x340.jpg]
[visithumboldt.com/wp-content/uploads/2019/01/44fbf1_d1d5256353ad4ea4a9f91db064a34f4fmv2-745x340.jpg]
[visithumboldt.com/wp-content/uploads/2019/01/28-745x340.png]
[visithumboldt.com/wp-content/uploads/2019/01/DSC_8381-2-745x340.jpg]
[visithumboldt.com/wp-content/uploads/2019/01/Majestic_Redwoods-745x340.jpg]
[visithumboldt.com/wp-content/uploads/2019/01/Newton-B-Drury-e1548892740854-745x340.jpg]
[visithumboldt.com/wp-content/uploads/2019/01/Julia-Morgan-1-745x340.png]
[visithumboldt.com/wp-content/uploads/2019/01/Todoroff1_10099_FlatmoMuralReflection2-745x340.jpg]
[visithumboldt.com/wp-content/uploads/2019/01/Eureka-2-745x340.jpg]
[visithumboldt.com/wp-content/uploads/2019/01/avenue-of-the-giants-e1548437684778-745x340.jpg]
[visithumboldt.com/wp-content/uploads/2019/01/Todoroff_HLA_0011_DSC_0313-745x340.jpg]
[visithumboldt.com/wp-content/uploads/2019/01/Todoroff1_10142_Whale-745x340.jpg]
[visithumboldt.com/wp-content/uploads/2019/01/Carson4-745x340.jpg]
[visithumboldt.com/wp-content/uploads/2019/01/FortHumboldt-745x340.jpg]
[visithumboldt.com/wp-content/uploads/2019/01/Blue-Ox-5-745x340.jpg]
[visithumboldt.com/wp-content/uploads/2019/01/Luffenholtz_1.12.1-745x340.jpg]
[visithumboldt.com/wp-content/uploads/2019/01/Clarke1-745x340.jpg]
[visithumboldt.com/wp-content/uploads/2019/01/Moonstone-Beach_1.7.1sml-745x340.jpg]
[visithumboldt.com/wp-content/uploads/2019/01/Sumeg1-745x340.jpg]
[visithumboldt.com/wp-content/uploads/2019/01/Trinidad_1.9.1sml-745x340.jpg]
[visithumboldt.com/wp-content/uploads/2019/01/China-Flat-745x340.jpg]
[visithumboldt.com/wp-content/uploads/2019/01/Gold-Bluffs-Beachsml-745x340.jpg]
[visithumboldt.com/wp-content/uploads/2019/01/Shelter2-745x340.jpg]
[visithumboldt.com/wp-content/uploads/2019/01/05_Lost_CoastBlackSands_57de1e5a-b85a-4e5c-9e86-27337f27ad34small-745x340.jpg]
[visithumboldt.com/wp-content/uploads/2019/01/Fishermans-Memorial-2-745x340.jpg]
[visithumboldt.com/wp-content/uploads/2019/01/Trinidad-1sm-745x340.jpg]
[visithumboldt.com/wp-content/uploads/2019/01/Agate-Beach-745x340.png]
[visithumboldt.com/wp-content/uploads/2019/01/10402052_839169779458308_8274945671046252388_n-745x340.jpg]
[visithumboldt.com/wp-content/uploads/2019/01/slide2-745x340.jpg]
[visithumboldt.com/wp-content/uploads/2019/01/IMG_2145-745x340.jpg]
[visithumboldt.com/wp-content/uploads/2019/01/Todoroff1_10025_RedSchoolHouseElk-745x340.jpg]
[visithumboldt.com/wp-content/uploads/2019/01/Benbow_1.2.1-745x340.jpg]
[visithumboldt.com/wp-content/uploads/2019/01/image-745x340.png]
[visithumboldt.com/wp-content/uploads/2019/01/Generic_activity-1-745x340.png]
[visithumboldt.com/wp-content/uploads/2019/01/fortuna-sign-2-745x340.jpg]
[visithumboldt.com/wp-content/uploads/2019/01/DSC_2415-745x340.jpg]
[visithumboldt.com/wp-content/uploads/2019/01/1312Charter-7-18-16-007-745x340.jpg]
[visithumboldt.com/wp-content/uploads/2019/01/Patricks-Point-3-sm-745x340.jpg]
[visithumboldt.com/wp-content/uploads/2019/01/Historic-Steam-Engine-and-Steam-Donkey-745x340.jpg]
[visithumboldt.com/wp-content/uploads/2019/01/Madaket3-745x340.jpg]
[visithumboldt.com/wp-content/uploads/2019/01/Willow-Creek_1.7.1sml-745x340.jpg]
[visithumboldt.com/wp-content/uploads/2019/01/Arcatasml-745x340.jpg]
[visithumboldt.com/wp-content/uploads/2019/01/DSC1993-editedHP_edited-1-745x340.jpg]
[visithumboldt.com/wp-content/uploads/2019/01/Lagoons_1.9.1-745x340.jpg]
[visithumboldt.com/wp-content/uploads/2019/01/Humboldt-Bay-745x340.png]
[visithumboldt.com/wp-content/uploads/2019/01/Shelter-Cove_1.8.1-745x340.jpg]
[visithumboldt.com/wp-content/uploads/2018/11/Trinity-River_1.1.2-745x340.jpg]
[visithumboldt.com/wp-content/uploads/2019/01/cabins@2x-400x400.jpg]
[visithumboldt.com/wp-content/uploads/2019/01/rv@2x-400x400.jpg]
[visithumboldt.com/wp-content/uploads/2019/01/BedandBreakfasts-400x400.png]
[visithumboldt.com/wp-content/uploads/2019/01/BandB@2x-400x400.jpg]
[visithumboldt.com/wp-content/uploads/2022/06/762A7122.300b-1390x400.jpg]
[visithumboldt.com/wp-content/uploads/2019/01/DSC00209-1390x400.jpg]
[visithumboldt.com/wp-content/uploads/2019/02/Ferndale-Museum-Victorian-Village-of-Ferndale-California-1390x400.jpg]
[visithumboldt.com/wp-content/uploads/2019/01/1966062_252179994962103_80911703_o-1390x400.jpg]
[visithumboldt.com/wp-content/uploads/2019/01/Eureka-Zoo-1390x400.jpg]
[visithumboldt.com/wp-content/uploads/2019/01/Morris2-1390x400.png]
[visithumboldt.com/wp-content/uploads/2019/01/Old-Town-Eureka-3-1390x400.jpg]
[visithumboldt.com/wp-content/uploads/2019/01/Todoroff1_10094_HumboldtBayBackLightWaves-1390x400.jpg]
[visithumboldt.com/wp-content/uploads/2019/01/DSC_0592-1390x400.jpg]
[visithumboldt.com/wp-content/uploads/2019/01/31_MarshEgret_86a7ebf9-926e-4097-83b4-604cc6f73a7e-1390x400.jpg]
[visithumboldt.com/wp-content/uploads/2019/01/HCNC-Sunset-1390x400.jpg]
[visithumboldt.com/wp-content/uploads/2019/01/Shrine-Drive-through-1390x400.jpg]
[visithumboldt.com/wp-content/uploads/2019/01/Ladybird-1390x400.png]
[visithumboldt.com/wp-content/uploads/2019/01/Redwoods-National-park-1390x400.jpg]
[visithumboldt.com/wp-content/uploads/2019/01/Richardson-Grove-_1.7.1-1390x400.jpg]
[visithumboldt.com/wp-content/uploads/2019/01/Founders-Grove-1390x400.png]
[visithumboldt.com/wp-content/uploads/2019/01/Todoroff1_10030_Rockefeller-Forest-Redwoods-sm-1390x400.jpg]
[visithumboldt.com/wp-content/uploads/2019/01/Grizzly1-1390x400.jpg]
[visithumboldt.com/wp-content/uploads/2019/01/Prairie-Creek_1.4.1-1390x400.jpg]
[visithumboldt.com/wp-content/uploads/2019/01/18_PinkRodies_b5c197f0-fb05-46b3-b5ea-33c49b3f05dc-1390x400.jpg]
[visithumboldt.com/wp-content/uploads/2019/01/01_JamesIrvineTrail_2862f6d9-027a-42c2-913a-76b29416ff68-1390x400.jpg]
[visithumboldt.com/wp-content/uploads/2019/01/Hiking-Russ-Park-Trails-Historic-Ferndale-CA-Spring-Banner-Image-1390x400.jpg]
[visithumboldt.com/wp-content/uploads/2019/01/BullCreek1-1390x400.jpg]
[visithumboldt.com/wp-content/uploads/2019/01/Founders-Grove-Loop-1390x400.png]
[visithumboldt.com/wp-content/uploads/2019/01/Rockefeller-Loop-1390x400.png]
[visithumboldt.com/wp-content/uploads/2019/01/21_FernCanyon_289cb607-1cca-43ad-86d4-2087f0974e40-1390x400.jpg]
[visithumboldt.com/wp-content/uploads/2019/01/iStock-510066793-1390x400.jpg]
[visithumboldt.com/wp-content/uploads/2019/01/Patricks-Point-2-1390x400.jpg]
[visithumboldt.com/wp-content/uploads/2019/01/Screen-Shot-2019-01-30-at-10.54.50-AM-1390x400.png]
[visithumboldt.com/wp-content/uploads/2019/01/Todoroff_HLA_0166__MG_8322-1390x400.jpg]
[visithumboldt.com/wp-content/uploads/2019/01/44fbf1_d1d5256353ad4ea4a9f91db064a34f4fmv2-1390x400.jpg]
[visithumboldt.com/wp-content/uploads/2019/01/28-1390x400.png]
[visithumboldt.com/wp-content/uploads/2019/01/DSC_8381-2-1390x400.jpg]
[visithumboldt.com/wp-content/uploads/2019/01/Majestic_Redwoods-1390x400.jpg]
[visithumboldt.com/wp-content/uploads/2019/01/Newton-B-Drury-e1548892740854-1390x400.jpg]
[visithumboldt.com/wp-content/uploads/2019/01/Julia-Morgan-1-1390x400.png]
[visithumboldt.com/wp-content/uploads/2019/01/Todoroff1_10099_FlatmoMuralReflection2-1390x400.jpg]
[visithumboldt.com/wp-content/uploads/2019/01/Eureka-2-1390x400.jpg]
[visithumboldt.com/wp-content/uploads/2019/01/avenue-of-the-giants-e1548437684778-1390x400.jpg]
[visithumboldt.com/wp-content/uploads/2019/01/Todoroff_HLA_0011_DSC_0313-1390x400.jpg]
[visithumboldt.com/wp-content/uploads/2019/01/Todoroff1_10142_Whale-1390x400.jpg]
[visithumboldt.com/wp-content/uploads/2019/01/Carson4-1390x400.jpg]
[visithumboldt.com/wp-content/uploads/2019/01/FortHumboldt-1390x400.jpg]
[visithumboldt.com/wp-content/uploads/2019/01/Blue-Ox-5-1390x400.jpg]
[visithumboldt.com/wp-content/uploads/2019/01/Luffenholtz_1.12.1-1390x400.jpg]
[visithumboldt.com/wp-content/uploads/2019/01/Clarke1-1390x400.jpg]
[visithumboldt.com/wp-content/uploads/2019/01/Moonstone-Beach_1.7.1sml-1390x400.jpg]
[visithumboldt.com/wp-content/uploads/2019/01/Sumeg1-1390x400.jpg]
[visithumboldt.com/wp-content/uploads/2019/01/Trinidad_1.9.1sml-1390x400.jpg]
[visithumboldt.com/wp-content/uploads/2019/01/China-Flat-1390x400.jpg]
[visithumboldt.com/wp-content/uploads/2019/01/Gold-Bluffs-Beachsml-1390x400.jpg]
[visithumboldt.com/wp-content/uploads/2019/01/Shelter2-1390x400.jpg]
[visithumboldt.com/wp-content/uploads/2019/01/05_Lost_CoastBlackSands_57de1e5a-b85a-4e5c-9e86-27337f27ad34small-1390x400.jpg]
[visithumboldt.com/wp-content/uploads/2019/01/Fishermans-Memorial-2-1390x400.jpg]
[visithumboldt.com/wp-content/uploads/2019/01/Trinidad-1sm-1390x400.jpg]
[visithumboldt.com/wp-content/uploads/2019/01/Agate-Beach-1390x400.png]
[visithumboldt.com/wp-content/uploads/2019/01/10402052_839169779458308_8274945671046252388_n-1390x400.jpg]
[visithumboldt.com/wp-content/uploads/2019/01/slide2-1390x400.jpg]
[visithumboldt.com/wp-content/uploads/2019/01/IMG_2145-1390x400.jpg]
[visithumboldt.com/wp-content/uploads/2019/01/Todoroff1_10025_RedSchoolHouseElk-1390x400.jpg]
[visithumboldt.com/wp-content/uploads/2019/01/Benbow_1.2.1-1390x400.jpg]
[visithumboldt.com/wp-content/uploads/2019/01/image-1390x400.png]
[visithumboldt.com/wp-content/uploads/2019/01/Generic_activity-1-1390x400.png]
[visithumboldt.com/wp-content/uploads/2019/01/fortuna-sign-2-1390x400.jpg]
[visithumboldt.com/wp-content/uploads/2019/01/DSC_2415-1390x400.jpg]
[visithumboldt.com/wp-content/uploads/2019/01/1312Charter-7-18-16-007-1390x400.jpg]
[visithumboldt.com/wp-content/uploads/2019/01/Patricks-Point-3-sm-1390x400.jpg]
[visithumboldt.com/wp-content/uploads/2019/01/Historic-Steam-Engine-and-Steam-Donkey-1390x400.jpg]
[visithumboldt.com/wp-content/uploads/2019/01/Madaket3-1390x400.jpg]
[visithumboldt.com/wp-content/uploads/2019/01/Willow-Creek_1.7.1sml-1390x400.jpg]
[visithumboldt.com/wp-content/uploads/2019/01/Arcatasml-1390x400.jpg]
[visithumboldt.com/wp-content/uploads/2019/01/DSC1993-editedHP_edited-1-1390x400.jpg]
[visithumboldt.com/wp-content/uploads/2019/01/Lagoons_1.9.1-1390x400.jpg]
[visithumboldt.com/wp-content/uploads/2019/01/Humboldt-Bay-1390x400.png]
[visithumboldt.com/wp-content/uploads/2019/01/Shelter-Cove_1.8.1-1390x400.jpg]
[visithumboldt.com/wp-content/uploads/2018/11/Trinity-River_1.1.2-1390x400.jpg]
[visithumboldt.com/things-to-do/index.html]
[visithumboldt.com/wp-content/uploads/2018/12/places_to_stay_header-v2.jpg]
[visithumboldt.com/wp-content/themes/visit-humboldt-theme/assets/images/lodging-icon-light.svg]
[visithumboldt.com/places-to-stay/feed/index.html]
[visithumboldt.com/wp-content/uploads/2019/01/Holiday-Inn-Express-Suites-Eureka-700x400.jpg]
[visithumboldt.com/wp-content/uploads/2019/01/Best-Western-Plus-Humboldt-Bay-Inn-700x400.jpg]
[visithumboldt.com/wp-content/uploads/2018/11/Benbow-Inn-700x400.jpg]
[visithumboldt.com/wp-content/uploads/2019/01/Red-Lion-Hotel-700x400.jpg]
[visithumboldt.com/wp-content/uploads/2019/01/Victorian-Inn-Boutique-Hotel-700x400.jpg]
[visithumboldt.com/wp-content/uploads/2019/01/Cornelius-Daly-Inn-700x400.jpg]
[visithumboldt.com/wp-content/uploads/2019/01/TownHouseEureka-700x400.jpg]
[visithumboldt.com/wp-content/uploads/2019/01/Super-8-Eureka-700x400.jpg]
[visithumboldt.com/wp-content/uploads/2019/01/Rodeway-Inn-700x400.jpg]
[visithumboldt.com/wp-content/uploads/2019/01/Quality-Inn-Eureka-1-700x400.jpg]
[visithumboldt.com/wp-content/uploads/2019/01/Motel-6-Eureka-700x400.jpg]
[visithumboldt.com/wp-content/uploads/2019/01/Eureka-Inn-700x400.jpg]
[visithumboldt.com/wp-content/uploads/2019/01/The-Inn-at-2nd-C-700x400.png]
[visithumboldt.com/wp-content/uploads/2019/01/days-inn-eureka-ca-700x400.jpg]
[visithumboldt.com/wp-content/uploads/2019/01/Comfort-Inn-Humboldt-Bay-700x400.jpg]
[visithumboldt.com/wp-content/uploads/2019/01/Clarion-Hotel-700x400.jpg]
[visithumboldt.com/wp-content/uploads/2019/01/Carter-House-Inns-700x400.jpg]
[visithumboldt.com/wp-content/uploads/2019/01/Best-Western-Plus-Bayshore-Inn-700x400.jpg]
[visithumboldt.com/wp-content/uploads/2019/01/Bayview-Motel-700x400.jpg]
[visithumboldt.com/wp-content/uploads/2019/01/Americas-Best-Value-Inn-Eureka-700x400.jpg]
[visithumboldt.com/wp-content/uploads/2019/01/Elk-Meadow-Village-in-Redwood-National-Park-700x400.jpg]
[visithumboldt.com/wp-content/uploads/2019/01/Widow-White-Creek-RV-Park-700x400.jpg]
[visithumboldt.com/wp-content/uploads/2019/01/Sounds-of-the-Sea-700x400.jpg]
[visithumboldt.com/wp-content/uploads/2019/01/Hidden-Creek-Villas-RV-Park-700x400.jpg]
[visithumboldt.com/wp-content/uploads/2019/01/Elk-Country-RV-Resort-Campground-700x400.jpg]
[visithumboldt.com/wp-content/uploads/2019/01/Azalea-Glen-RV-Park-Campground-700x400.jpg]
[visithumboldt.com/wp-content/uploads/2019/01/Sylvan-Harbor-RV-Park-Cabins-700x400.jpg]
[visithumboldt.com/wp-content/uploads/2019/01/Emerald-Forest-Cabins-RV-700x400.jpg]
[visithumboldt.com/wp-content/uploads/2019/01/Bishop-Pine-Lodge-700x400.jpg]
[visithumboldt.com/wp-content/uploads/2019/01/Turtle-Rocks-Oceanfront-Inn-700x400.jpg]
[visithumboldt.com/wp-content/uploads/2019/01/Lost-Whale-Inn-700x400.jpg]
[visithumboldt.com/wp-content/uploads/2019/01/View-Crest-Lodge-700x400.jpg]
[visithumboldt.com/wp-content/uploads/2019/01/Trinidad-Inn-700x400.jpg]
[visithumboldt.com/wp-content/uploads/2019/01/Patricks-Point-Inn-700x400.jpg]
[visithumboldt.com/wp-content/uploads/2019/01/Ocean-Grove-Lodge-Restaurant-700x400.jpg]
[visithumboldt.com/wp-content/uploads/2019/01/Holiday-Inn-Express-Hotel-and-Suites-700x400.jpg]
[visithumboldt.com/wp-content/uploads/2019/01/Sandy-Bar-Ranch-700x400.jpg]
[visithumboldt.com/wp-content/uploads/2019/01/Marble-Mountian-Ranch-700x400.jpg]
[visithumboldt.com/wp-content/uploads/2019/01/Coho-Cottages-Hotel-700x400.jpg]
[visithumboldt.com/wp-content/uploads/2019/01/China-Creek-Cottages-700x400.jpg]
[visithumboldt.com/wp-content/uploads/2019/01/Bigfoot-Motel-700x400.jpg]
[visithumboldt.com/wp-content/uploads/2019/01/Riverwalk-RV-Park-Campground-700x400.jpg]
[visithumboldt.com/wp-content/uploads/2019/01/Rivers-Edge-RV-Park-700x400.jpg]
[visithumboldt.com/wp-content/uploads/2019/01/Super-8-Fortuna-700x400.jpg]
[visithumboldt.com/wp-content/uploads/2019/01/Redwood-Fortuna-Riverwalk-Hotel-700x400.jpg]
[visithumboldt.com/wp-content/uploads/2019/01/Comfort-Inn-and-Suites-700x400.jpg]
[visithumboldt.com/wp-content/uploads/2019/01/Best-Western-Country-Inn-700x400.jpg]
[visithumboldt.com/wp-content/uploads/2019/01/Shaw-House-Inn-700x400.jpg]
[visithumboldt.com/wp-content/uploads/2019/01/Redwood-Suites-700x400.jpg]
[visithumboldt.com/wp-content/uploads/2019/01/Gingerbread-Mansion-Inn-700x400.jpg]
[visithumboldt.com/wp-content/uploads/2019/01/Giant-Redwoods-RV-Camp-700x400.jpg]
[visithumboldt.com/wp-content/uploads/2019/01/Benbow-KOA-Campground-700x400.jpg]
[visithumboldt.com/wp-content/uploads/2019/01/Redcrest-Resort-Gift-Shop-700x400.jpg]
[visithumboldt.com/wp-content/uploads/2019/01/Miranda-Gardens-Resort-700x400.jpg]
[visithumboldt.com/wp-content/uploads/2019/01/Mattole-River-Organic-Farms-Conutry-Cabins-700x400.jpg]
[visithumboldt.com/wp-content/uploads/2019/01/Dean-Creek-Resort-700x400.jpg]
[visithumboldt.com/wp-content/uploads/2019/01/Myers-County-Inn-700x400.jpg]
[visithumboldt.com/wp-content/uploads/2019/01/The-Tides-Inn-700x400.jpg]
[visithumboldt.com/wp-content/uploads/2019/01/Oceanfront-Inn-at-Shelter-Cove-700x400.jpg]
[visithumboldt.com/wp-content/uploads/2019/01/Sherwood-Forest-Motel-700x400.jpg]
[visithumboldt.com/wp-content/uploads/2019/01/Humboldt-Redwoods-Inn-700x400.jpg]
[visithumboldt.com/wp-content/uploads/2019/01/Humboldt-Gables-bedroom-700x400.jpg]
[visithumboldt.com/wp-content/uploads/2019/01/Mad-River-Rapids-700x400.jpg]
[visithumboldt.com/wp-content/uploads/2019/01/Lady-Anne-700x400.jpg]
[visithumboldt.com/wp-content/uploads/2019/01/Super-8-Arcata-700x400.jpg]
[visithumboldt.com/wp-content/uploads/2019/01/Red-Roof-Inn-Arcata-700x400.jpg]
[visithumboldt.com/wp-content/uploads/2019/01/Hotel-Arcata-700x400.jpg]
[visithumboldt.com/wp-content/uploads/2019/01/Hampton-Inn-Suites-700x400.jpg]
[visithumboldt.com/wp-content/uploads/2019/01/Fairwinds-Motel-700x400.jpg]
[visithumboldt.com/wp-content/uploads/2019/01/Days-Inn-Suites-700x400.jpg]
[visithumboldt.com/wp-content/uploads/2019/01/Comfort-Inn-700x400.jpg]
[visithumboldt.com/wp-content/uploads/2019/01/Best-Western-Arcata-Inn-700x400.jpg]
[visithumboldt.com/wp-content/uploads/2018/11/Inn-of-the-Lost-Coast-700x400.jpg]
[visithumboldt.com/wp-content/uploads/2018/11/Best-Western-Plus-Humboldt-House-Inn-700x400.jpg]
[visithumboldt.com/wp-content/uploads/2019/01/ss_4356_1374359_9-700x400.jpg]
[visithumboldt.com/places-to-stay/index.html]
[visithumboldt.com/wp-json/oembed/1.0/embed7612.json]
[visithumboldt.com/wp-json/oembed/1.0/embed7c9e]
[visithumboldt.com/wp-content/uploads/2018/11/eureka-header.jpg]
[visithumboldt.com/wp-content/uploads/2018/11/eureka-bg.svg]
[visithumboldt.com/wp-content/uploads/2019/01/Carson4-400x400.jpg]
[visithumboldt.com/wp-content/uploads/2019/01/Old-Town-Eureka-3-400x400.jpg]
[visithumboldt.com/wp-content/uploads/2019/01/Madaket3-400x400.jpg]
[visithumboldt.com/wp-content/uploads/2019/01/DSC00209-400x400.jpg]
[visithumboldt.com/wp-content/uploads/2018/11/portrait.jpg]
[visithumboldt.com/wp-content/uploads/2019/01/Patricks-Point-2-700x400.jpg]
[visithumboldt.com/wp-content/uploads/2019/01/Ladybird-700x400.png]
[visithumboldt.com/wp-content/uploads/2019/01/DSC00209-700x400.jpg]
[visithumboldt.com/wp-content/themes/visit-humboldt-theme/assets/js/dist/video-tabs53cf.js]
[visithumboldt.com/location/eureka/index.html]
[visithumboldt.com/wp-json/oembed/1.0/embedb2dc.json]
[visithumboldt.com/wp-json/oembed/1.0/embed8f1c]
[visithumboldt.com/wp-content/uploads/2019/01/Trinidad@2x.jpg]
[visithumboldt.com/wp-content/uploads/2019/01/Trinidad.svg]
[visithumboldt.com/wp-content/uploads/2019/01/Patricks-Point-2-400x400.jpg]
[visithumboldt.com/wp-content/uploads/2019/01/Sumeg1-400x400.jpg]
[visithumboldt.com/wp-content/uploads/2019/01/Trinidad-1sm-400x400.jpg]
[visithumboldt.com/wp-content/uploads/2019/01/Luffenholtz_1.12.1-400x400.jpg]
[visithumboldt.com/location/trinidad/index.html]
[visithumboldt.com/wp-json/oembed/1.0/embed08c6.json]
[visithumboldt.com/wp-json/oembed/1.0/embedc49a]
[visithumboldt.com/wp-content/uploads/2018/11/arcata-header.jpg]
[visithumboldt.com/wp-content/uploads/2018/11/Path-1147.svg]
[visithumboldt.com/wp-content/uploads/2019/01/31_MarshEgret_86a7ebf9-926e-4097-83b4-604cc6f73a7e-400x400.jpg]
[visithumboldt.com/wp-content/uploads/2019/01/Generic_activity-1-400x400.png]
[visithumboldt.com/wp-content/uploads/2019/01/HCNC-Sunset-400x400.jpg]
[visithumboldt.com/location/arcata/index.html]
[visithumboldt.com/wp-json/oembed/1.0/embed980f.json]
[visithumboldt.com/wp-json/oembed/1.0/embedd805]
[visithumboldt.com/wp-content/uploads/2019/01/East@2x.jpg]
[visithumboldt.com/wp-content/uploads/2019/01/Intersection-4.svg]
[visithumboldt.com/wp-content/uploads/2019/01/Willow-Creek_1.7.1sml-400x400.jpg]
[visithumboldt.com/wp-content/uploads/2019/01/IMG_2145-400x400.jpg]
[visithumboldt.com/wp-content/uploads/2019/01/slide2-400x400.jpg]
[visithumboldt.com/wp-content/uploads/2019/01/China-Flat-400x400.jpg]
[visithumboldt.com/location/county-east/index.html]
[visithumboldt.com/wp-json/oembed/1.0/embeda0a4.json]
[visithumboldt.com/wp-json/oembed/1.0/embed9c98]
[visithumboldt.com/wp-content/uploads/2019/01/fortuna-sign-2-1.jpg]
[visithumboldt.com/wp-content/uploads/2019/01/Fortuna.svg]
[visithumboldt.com/wp-content/uploads/2019/01/Grizzly1-400x400.jpg]
[visithumboldt.com/wp-content/uploads/2019/01/DSC1993-editedHP_edited-1-400x400.jpg]
[visithumboldt.com/wp-content/uploads/2019/01/Todoroff1_10094_HumboldtBayBackLightWaves-400x400.jpg]
[visithumboldt.com/wp-content/uploads/2019/01/Lagoons_1.9.1-400x400.jpg]
[visithumboldt.com/location/fortuna/index.html]
[visithumboldt.com/wp-json/oembed/1.0/embed7099.json]
[visithumboldt.com/wp-json/oembed/1.0/embed9dc1]
[visithumboldt.com/wp-content/uploads/2019/01/North@2x.jpg]
[visithumboldt.com/wp-content/uploads/2019/01/north.svg]
[visithumboldt.com/wp-content/uploads/2019/01/Todoroff1_10025_RedSchoolHouseElk-400x400.jpg]
[visithumboldt.com/wp-content/uploads/2019/01/Prairie-Creek_1.4.1-400x400.jpg]
[visithumboldt.com/wp-content/uploads/2019/01/21_FernCanyon_289cb607-1cca-43ad-86d4-2087f0974e40-400x400.jpg]
[visithumboldt.com/wp-content/uploads/2019/01/Newton-B-Drury-e1548892740854-400x400.jpg]
[visithumboldt.com/location/county-north/index.html]
[visithumboldt.com/wp-json/oembed/1.0/embedbed3.json]
[visithumboldt.com/wp-json/oembed/1.0/embede4c6]
[visithumboldt.com/wp-content/uploads/2019/01/ferndale.jpg]
[visithumboldt.com/wp-content/uploads/2019/01/Ferndale.svg]
[visithumboldt.com/wp-content/uploads/2019/01/Hiking-Russ-Park-Trails-Historic-Ferndale-CA-Spring-Banner-Image-400x400.jpg]
[visithumboldt.com/wp-content/uploads/2019/01/Todoroff1_10142_Whale-400x400.jpg]
[visithumboldt.com/wp-content/uploads/2019/02/Ferndale-Museum-Victorian-Village-of-Ferndale-California-400x400.jpg]
[visithumboldt.com/location/ferndale/index.html]
[visithumboldt.com/wp-json/oembed/1.0/embeddbc7.json]
[visithumboldt.com/wp-json/oembed/1.0/embed4c77]
[visithumboldt.com/wp-content/uploads/2019/01/South@2x.jpg]
[visithumboldt.com/wp-content/uploads/2019/01/South.svg]
[visithumboldt.com/wp-content/uploads/2019/01/avenue-of-the-giants-e1548437684778-400x400.jpg]
[visithumboldt.com/wp-content/uploads/2019/01/Benbow_1.2.1-400x400.jpg]
[visithumboldt.com/wp-content/uploads/2019/01/Shelter-Cove_1.8.1-400x400.jpg]
[visithumboldt.com/wp-content/uploads/2019/01/Shrine-Drive-through-400x400.jpg]
[visithumboldt.com/location/southern-humboldt/index.html]
[visithumboldt.com/wp-content/themes/visit-humboldt-theme/assets/images/activities-icon-dark.svg]
[visithumboldt.com/wp-content/themes/visit-humboldt-theme/assets/images/lodging-icon-dark.svg]
[visithumboldt.com/wp-content/themes/visit-humboldt-theme/assets/images/county-icon-dark.svg]
[visithumboldt.com/activity_type/redwoods/index.html]
[visithumboldt.com/activity_type/beaches/index.html]
[visithumboldt.com/activity_type/hiking/index.html]
[visithumboldt.com/activity_type/water-activities/index.html]
[visithumboldt.com/activity_type/towns/index.html]
[visithumboldt.com/activity_type/history/index.html]
[visithumboldt.com/activity_type/tours-guides/index.html]
[visithumboldt.com/wp-content/plugins/gravityforms/css/formreset.min8674.css]
[visithumboldt.com/wp-content/plugins/gravityforms/images/gf-creditcard-icons.png]
[visithumboldt.com/wp-content/plugins/gravityforms/css/chosen-sprite.png]
[visithumboldt.com/wp-content/plugins/gravityforms/css/chosen-sprite@2x.png]
[visithumboldt.com/wp-content/plugins/gravityforms/css/formsmain.min8674.css]
[visithumboldt.com/wp-content/plugins/gravityforms/css/readyclass.min8674.css]
[visithumboldt.com/wp-content/plugins/gravityforms/css/browsers.min8674.css]
[visithumboldt.com/wp-content/themes/visit-humboldt-theme/assets/js/dist/scripts.min6aec.js]
[visithumboldt.com/wp-content/themes/visit-humboldt-theme/assets/js/dist/emaild5f7.js]
[visithumboldt.com/wp-includes/js/wp-embed.min9dff.js]
[visithumboldt.com/wp-content/plugins/gravityforms/js/jquery.json.min8674.js]
[visithumboldt.com/wp-content/plugins/gravityforms/js/gravityforms.min8674.js]
[p.typekit.net/p295a.css]
[visithumboldt.com/wp-content/themes/visit-humboldt-theme/assets/images/index.html]
[visithumboldt.com/wp-content/themes/visit-humboldt-theme/assets/images/homepage/intro-content-bg.min.svg]
[visithumboldt.com/wp-content/themes/visit-humboldt-theme/assets/images/view-more-activities-bg.svg]
[visithumboldt.com/wp-content/themes/visit-humboldt-theme/assets/images/suitcase-bg.svg]
[visithumboldt.com/wp-content/themes/visit-humboldt-theme/assets/images/homepage/grey-trees.svg]
[visithumboldt.com/wp-content/themes/visit-humboldt-theme/assets/images/homepage/intro-bg-trees_large.svg]
[visithumboldt.com/wp-content/themes/visit-humboldt-theme/assets/images/404-bg.svg]
[visithumboldt.com/wp-content/themes/visit-humboldt-theme/assets/images/suitcase-icon-white.svg]
[visithumboldt.com/wp-content/themes/visit-humboldt-theme/assets/js/dist/remove-item-ajax53cf.js]
[visithumboldt.com/wp-content/themes/visit-humboldt-theme/assets/js/dist/suitcase53cf.js]
[visithumboldt.com/wp-content/themes/visit-humboldt-theme/assets/images/activities-icon-light.svg]
[visithumboldt.com/wp-content/themes/visit-humboldt-theme/assets/images/popup/food-icon.svg]
[visithumboldt.com/wp-content/themes/visit-humboldt-theme/assets/images/popup/restrooms-icon.svg]
[visithumboldt.com/wp-content/themes/visit-humboldt-theme/assets/images/popup/time-icon.svg]
[visithumboldt.com/wp-content/themes/visit-humboldt-theme/assets/images/popup/weather-icon.svg]
[visithumboldt.com/wp-content/themes/visit-humboldt-theme/assets/images/lodging-icon-light.svg]
[visithumboldt.com/wp-content/uploads/2018/11/eureka-bg.svg]
[visithumboldt.com/wp-content/themes/visit-humboldt-theme/assets/js/dist/video-tabs53cf.js]
[visithumboldt.com/wp-content/uploads/2019/01/Trinidad.svg]
[visithumboldt.com/wp-content/uploads/2018/11/Path-1147.svg]
[visithumboldt.com/wp-content/uploads/2019/01/Intersection-4.svg]
[visithumboldt.com/wp-content/uploads/2019/01/Fortuna.svg]
[visithumboldt.com/wp-content/uploads/2019/01/north.svg]
[visithumboldt.com/wp-content/uploads/2019/01/Ferndale.svg]
[visithumboldt.com/wp-content/uploads/2019/01/South.svg]
[visithumboldt.com/wp-content/themes/visit-humboldt-theme/assets/images/index.html]
